// Jest Snapshot v1, https://goo.gl/fbAQLP

exports[`sample make sample data 1`] = `
[
  {
    "category": {
      "id": 0,
      "name": "string",
      "pet": "",
    },
    "id": 0,
    "name": "doggie",
    "photoUrls": [
      "string",
    ],
    "status": "available",
    "tags": [
      {
        "id": 0,
        "name": "string",
      },
    ],
  },
]
`;
