// Jest Snapshot v1, https://goo.gl/fbAQLP

exports[`sample make sample data 1`] = `
Array [
  Object {
    "category": Object {
      "id": 0,
      "name": "string",
      "pet": "",
    },
    "id": 0,
    "name": "doggie",
    "photoUrls": Array [
      "string",
    ],
    "status": "available",
    "tags": Array [
      Object {
        "id": 0,
        "name": "string",
      },
    ],
  },
]
`;
