// Jest Snapshot v1, https://goo.gl/fbAQLP

exports[`generateDefinitions geterate pet definitions 1`] = `
"export class Order {
    public id?: number;
    public petId?: number;
    public quantity?: number;
    public shipDate?: string;
    /**
     * Order Status
     */
    public status?: 'placed' | 'approved' | 'delivered';
    public complete?: boolean = false;
}
export class User {
    public id?: number;
    public username?: string;
    public firstName?: string;
    public lastName?: string;
    public email?: string;
    public password?: string;
    public phone?: string;
    /**
     * User Status
     */
    public userStatus?: number;
}
export class Category {
    public id?: number;
    public name?: string;
}
export class Tag {
    public id?: number;
    public name?: string;
}
export class Pet {
    public id?: number;
    public name: string;
    public photoUrls: string[];
    /**
     * pet status in the store
     */
    public status?: 'available' | 'pending' | 'sold';
    category: Category;
    tags: Tag[];
}
export class ApiResponse {
    public code?: number;
    public type?: string;
    public message?: string;
}
"
`;

exports[`generateDefinitions projectA 1`] = `
"/**
 * 审批流明细-部门跟价规则展示对象
 */
export class AuditFlowDeptFollowRuleDetailVO {
    /**
     * 指定band设置方式，0固定band 1自定义band
     */
    public bandMode?: number;
    /**
     * band类型，sales销量band；gmv销售额band；pv点击band
     */
    public bandType?: string;
    /**
     * 部门名称
     */
    public deptName?: string;
    /**
     * 审批流主键id
     */
    public id?: number;
    /**
     * 规则名称
     */
    public ruleName?: string;
    /**
     * 能否显示审批、拒绝按钮;true显示
     */
    public showApprovalBtn?: boolean;
    auditDetails: AuditItemVO[];
    followRuleCategoryList: FollowRuleCategoryVO[];
    followRuleItemList: FollowRuleItem[];
    oppList: OpponentVO[];
}
/**
 * 【规则审批流】列表展示页面对象
 */
export class AuditFlowListVO {
    /**
     * 规则状态
     */
    public auditStatus?: string;
    /**
     * 二级品类
     */
    public cid2Name?: string;
    /**
     * 三级品类
     */
    public cid3Name?: string;
    /**
     * 创建人
     */
    public createdBy?: string;
    /**
     * 创建时间
     */
    public createdTime?: string;
    /**
     * 部门
     */
    public deptName?: string;
    /**
     * 审批流主键id
     */
    public id?: number;
    /**
     * 更新时间
     */
    public operatedTime?: string;
    /**
     * 规则名称
     */
    public ruleName?: string;
    /**
     * 审批类型 1部门品类跟价规则，2sku跟价规则;查看明细时根据类型调用不同接口
     */
    public type?: number;
}
export class AuditItemVO {
    /**
     * 审批人ERP
     */
    public auditErp?: string;
    /**
     * 审批状态：1待审批 2驳回 3通过 4撤销 5其他人通过 6其他人驳回
     */
    public auditStatus?: string;
    /**
     * 创建时间
     */
    public createdTime?: string;
    /**
     * 更新时间
     */
    public operatedTime?: string;
}
/**
 * 【黑名单】列表展示对象
 */
export class BlackListVO {
    /**
     * 创建人
     */
    public addBlacklistBy?: string;
    /**
     * 创建时间
     */
    public addBlacklistTime?: string;
    /**
     * 品牌
     */
    public brandName?: string;
    /**
     * 品类
     */
    public categoryName?: string;
    /**
     * 部门
     */
    public deptName?: string;
    /**
     * 采销ERP
     */
    public salerErp?: string;
    /**
     * sku id
     */
    public skuId?: number;
    /**
     * sku名称
     */
    public skuName?: string;
}
/**
 * 提交审批、保存部门跟价规则参数实体
 */
export class DeptFollowRuleAddUpdateDTO {
    public _cidList?: number[];
    public _deptIdList?: string[];
    public _salerErp?: string[];
    /**
     * 指定band设置方式，0固定band 1自定义band
     */
    public bandMode?: number;
    /**
     * band类型，sales销量band；gmv销售额band；pv点击band
     */
    public bandType?: string;
    /**
     * 规则设置的品类id
     */
    public cidList?: number[];
    /**
     * 规则头表id
     */
    public headerId?: number;
    /**
     * 规则设置的品类层级:0-一级品类，1-二级品类，2-三级品类;仅能选择2级和3级
     */
    public level?: number;
    followRuleItemList: FollowRuleItem[];
}
/**
 * 【部门品类跟价规则】编辑查看展示对象
 */
export class DeptFollowRuleEditVO {
    /**
     * 审批人字符串（提交状态的会展示该字段）
     */
    public auditErps?: string;
    /**
     * 审批流程id
     */
    public auditId?: number;
    /**
     * 审批状态:0未提交 1待审批 2驳回 3通过 4撤销
     */
    public auditStatus?: number;
    /**
     * 审批状态:0未提交 1待审批 2驳回 3通过 4撤销
     */
    public auditStatusName?: string;
    /**
     * 指定band设置方式，0固定band 1自定义band
     */
    public bandMode?: number;
    /**
     * band类型，sales销量band；gmv销售额band；pv点击band
     */
    public bandType?: string;
    /**
     * 部门名称
     */
    public deptName?: string;
    /**
     * 规则设置的品类
     */
    public followRuleCategoryList?: string[];
    /**
     * 规则头表id
     */
    public headerId?: number;
    /**
     * 规则名称
     */
    public ruleName?: string;
    /**
     * 是否显示'撤销审批'按钮，true显示
     */
    public showCancelBtn?: boolean;
    /**
     * 是否显示'保存规则'按钮，true显示
     */
    public showSaveBtn?: boolean;
    /**
     * 是否显示'提交审批'按钮，true显示
     */
    public showSubmitBtn?: boolean;
    followRuleItemList: FollowRuleItem[];
    oppList: OpponentVO[];
}
/**
 * 【部门品类跟价规则】列表展示对象
 */
export class DeptFollowRuleListVO {
    /**
     * 审批状态
     */
    public auditStatusDesc?: string;
    /**
     * 二级品类名称
     */
    public cidName2?: string;
    /**
     * 三级品类名称
     */
    public cidName3?: string;
    /**
     * 创建时间
     */
    public createdTime?: string;
    /**
     * 部门名称
     */
    public deptName?: string;
    /**
     * 规则头表
     */
    public headerId?: number;
    /**
     * 是否可编辑 true可以
     */
    public operateFlag?: boolean;
    /**
     * 最近操作人
     */
    public operatedBy?: string;
    /**
     * 修改时间
     */
    public operatedTime?: string;
    /**
     * 规则名称
     */
    public ruleName?: string;
    /**
     * 生效的规则头表
     */
    public validHeaderId?: number;
}
export class FollowDegreeParam {
    /**
     * 跟价对象(OPP_page_price:友商页面价,OPP_trans_price:友商成交价)
     */
    public followObj?: string;
    /**
     * 运算符:+:加，*:乘
     */
    public symbol?: string;
    /**
     * 计算值:选择乘以，后面输入框为（）%，可填写50%-150%范围(存储整数部分，去掉百分号)；选择加，后面输入框为（）元，可填写-20~20范围
     */
    public value?: number;
}
/**
 * 【跟价池】列表展示对象
 */
export class FollowPoolListVO {
    /**
     * 仓报价
     */
    public cbj?: number;
    /**
     * 最新建议价格
     */
    public dpPrice?: number;
    /**
     * 最新计算时间
     */
    public dpTime?: string;
    /**
     * 京东价
     */
    public erpPrice?: number;
    /**
     * 说明
     */
    public explainInfo?: string;
    /**
     * 赠品促销的数量
     */
    public giftPromCount?: number;
    /**
     * 销售额BAND
     */
    public gmvBand?: string;
    /**
     * 毛利率，页面直接展示+%即可
     */
    public gpRate?: number;
    /**
     * 自动发布价格开关是否打开:1打开
     */
    public isAutoPub?: number;
    /**
     * 最近调价时间，页面使用
     */
    public lastPubTime?: string;
    /**
     * 友商最低价格平台名
     */
    public lowestOppName?: string;
    /**
     * 友商最低价
     */
    public lowestOppSkuPrice?: number;
    /**
     * 友商最低价URL
     */
    public lowestOppSkuUrl?: string;
    /**
     * 套装促销的数量
     */
    public packPromCount?: number;
    /**
     * 最新价格计算结果id,通过价格时用
     */
    public prId?: number;
    /**
     * 促销统计数，大于0的时候展示‘查看促销’功能
     */
    public promCount?: number;
    /**
     * 进货价
     */
    public purchasePrice?: number;
    /**
     * 真实成本
     */
    public realCost?: number;
    /**
     * 页面价
     */
    public redPrice?: number;
    /**
     * 是否显示'通过、拒绝'按钮，true显示
     */
    public showApprovalRejectBtn?: boolean;
    /**
     * 单品促销的数量
     */
    public singlePromCount?: number;
    /**
     * sku id
     */
    public skuId?: number;
    /**
     * sku名称
     */
    public skuName?: string;
    /**
     * 状态
     */
    public statusInfo?: string;
    /**
     * 库存
     */
    public stock?: number;
    /**
     * 总价促销的数量
     */
    public sumPromCount?: number;
    /**
     * 封顶促销的数量
     */
    public topPromCount?: number;
}
/**
 * 【部门品类跟价规则-设置品类】编辑查看展示对象
 */
export class FollowRuleCategoryVO {
    /**
     * 一级品类id
     */
    public cid1?: number;
    /**
     * 二级品类id
     */
    public cid2?: number;
    /**
     * 三级品类id
     */
    public cid3?: number;
    /**
     * 一级品类名
     */
    public cname1?: string;
    /**
     * 二级品类名
     */
    public cname2?: string;
    /**
     * 三级品类名
     */
    public cname3?: string;
}
/**
 * 跟价规则片对象
 */
export class FollowRuleItem {
    /**
     * 固定band值列表
     */
    public fixedBand?: string;
    /**
     * 自定义band最低值
     */
    public floorBand?: number;
    /**
     * 跟价友商id列表
     */
    public oppIds?: number[];
    /**
     * 自定义band最高值
     */
    public upperBand?: number;
    followDegreeParam: FollowDegreeParam;
    otherParam: OtherParam;
    riskParam: RiskParam;
}
/**
 * 手动调价参数定义
 */
export class ManualAdjustPriceAddDTO {
    public _cidList?: number[];
    public _deptIdList?: string[];
    public _salerErp?: string[];
    /**
     * 可维持天数
     */
    public keepDay?: number;
    /**
     * 调价价格
     */
    public price: number;
    /**
     * 调用场景 1比价详情，2价格模拟
     */
    public scene: number;
    /**
     * 商品id
     */
    public skuId: number;
}
/**
 * 友商信息实体类
 */
export class OpponentVO {
    /**
     * 友商平台id
     */
    public oppoId?: number;
    /**
     * 友商平台name
     */
    public oppoName?: string;
    /**
     * 友商平台url
     */
    public url?: string;
}
export class OtherParam {
    /**
     * 调价金额不超过X元
     */
    public adjustAmountLimit?: number;
    /**
     * 超过调价幅度，不跟价:下调幅度X%
     */
    public adjustLowerLimit?: number;
    /**
     * 超过调价幅度，不跟价:上调幅度X%
     */
    public adjustUpperLimit?: number;
    /**
     * 超过调价幅度，不跟价:true不跟价时adjustLowerLimit和adjustUpperLimit参数不允许为空
     */
    public exceedAdjustRangeNotFollow?: boolean;
    /**
     * 未来有特殊促销时，不跟价:前X天不跟价
     */
    public futureNotFollowDay?: number;
    /**
     * 未来有特殊促销时，不跟价:true时不跟价
     */
    public futureSpecialPromoNotFollow?: boolean;
    /**
     * 未来有特殊促销时，不跟价的促销类型:sum-总价促销,seckill-秒杀促销,flash-闪购促销
     */
    public futureSpecialPromoTypeList?: string[];
    /**
     * 特殊促销时，不跟价:true时不跟价
     */
    public inSpecialPromoNotFollow?: boolean;
    /**
     * 特殊促销时，不跟价的促销类型:sum-总价促销,seckill-秒杀促销,flash-闪购促销
     */
    public inSpecialPromoTypeList?: string[];
    /**
     * 京东库存天数小于X天时，不跟价:true不跟价jdSafeStockDay必填
     */
    public jdOutSafeStockNotFollow?: boolean;
    /**
     * 京东安全库存天数(jdOutSafeStockNotFollow为true时必填)
     */
    public jdSafeStockDay?: number;
    /**
     * 调价金额不超过X元：true不超过阀值adjustAmountLimit必填
     */
    public notExceedAdjustAmount?: boolean;
    /**
     * 跟低不跟高：true跟低不跟高
     */
    public onlyAdjustLower?: boolean;
    /**
     * 价差小于一定程度，不跟价:percent-百分比;abs-绝对值
     */
    public operateBase?: string;
    /**
     * 价差小于一定程度，不跟价:阀值
     */
    public operateValue?: number;
    /**
     * 友商无货，不跟价:true不跟价
     */
    public oppOutStockNotFollow?: boolean;
    /**
     * 跟价限购：true限购promoLimitNumber必填
     */
    public promoLimit?: boolean;
    /**
     * 跟价限购：限购总库存X件
     */
    public promoLimitNumber?: number;
    /**
     * 价差小于一定程度，不跟价:true不跟价时operateBase和operateValue参数不允许为空
     */
    public spreadLessRangeNotFollow?: boolean;
}
export class PageVOAuditFlowListVO {
    /**
     * 总条数
     */
    public entityCount: number;
    /**
     * 开始序号
     */
    public firstEntityIndex: number;
    /**
     * 结束序号
     */
    public lastEntityIndex: number;
    /**
     * 总页数
     */
    public pageCount: number;
    /**
     * 页码
     */
    public pageNo: number;
    /**
     * 每页条数
     */
    public pageSize: number;
    entities: AuditFlowListVO[];
}
export class PageVOBlackListVO {
    /**
     * 总条数
     */
    public entityCount: number;
    /**
     * 开始序号
     */
    public firstEntityIndex: number;
    /**
     * 结束序号
     */
    public lastEntityIndex: number;
    /**
     * 总页数
     */
    public pageCount: number;
    /**
     * 页码
     */
    public pageNo: number;
    /**
     * 每页条数
     */
    public pageSize: number;
    entities: BlackListVO[];
}
export class PageVODeptFollowRuleListVO {
    /**
     * 总条数
     */
    public entityCount: number;
    /**
     * 开始序号
     */
    public firstEntityIndex: number;
    /**
     * 结束序号
     */
    public lastEntityIndex: number;
    /**
     * 总页数
     */
    public pageCount: number;
    /**
     * 页码
     */
    public pageNo: number;
    /**
     * 每页条数
     */
    public pageSize: number;
    entities: DeptFollowRuleListVO[];
}
export class PageVOFollowPoolListVO {
    /**
     * 总条数
     */
    public entityCount: number;
    /**
     * 开始序号
     */
    public firstEntityIndex: number;
    /**
     * 结束序号
     */
    public lastEntityIndex: number;
    /**
     * 总页数
     */
    public pageCount: number;
    /**
     * 页码
     */
    public pageNo: number;
    /**
     * 每页条数
     */
    public pageSize: number;
    entities: FollowPoolListVO[];
}
export class PageVOUserInputDataListVO {
    /**
     * 总条数
     */
    public entityCount: number;
    /**
     * 开始序号
     */
    public firstEntityIndex: number;
    /**
     * 结束序号
     */
    public lastEntityIndex: number;
    /**
     * 总页数
     */
    public pageCount: number;
    /**
     * 页码
     */
    public pageNo: number;
    /**
     * 每页条数
     */
    public pageSize: number;
    entities: UserInputDataListVO[];
}
/**
 * 是否自动发布价格更新参数实体
 */
export class PoolIsAutoPubUpdateDTO {
    public _cidList?: number[];
    public _deptIdList?: string[];
    public _salerErp?: string[];
    /**
     * 是否自动发布：1是,0否
     */
    public isAutoPub?: number;
    /**
     * sku 数组集合
     */
    public skuList?: number[];
}
/**
 * 查看促销展示参数对象
 */
export class PromotionListVO {
    /**
     * 京东ERP价格
     */
    public erpPrice?: number;
    /**
     * 京东商品名称
     */
    public name?: string;
    /**
     * 京东价格
     */
    public price?: number;
    /**
     * 京东sku,sku即为id
     */
    public skuId?: number;
    promotions: PromotionVO[];
}
/**
 * 促销展示对象
 */
export class PromotionVO {
    /**
     * 是否可以删除；true可删除
     */
    public canDelete?: boolean;
    /**
     * 渠道
     */
    public channel?: string;
    /**
     * 审核状态
     */
    public checkState?: string;
    /**
     * 查看详情的链接地址
     */
    public detailLink?: string;
    /**
     * 是否DPS创建促销；true是
     */
    public isDps?: boolean;
    /**
     * 促销id
     */
    public promoId?: number;
    /**
     * 优惠信息
     */
    public promoInfo?: string;
    /**
     * 促销名称
     */
    public promoName?: string;
    /**
     * 类型
     */
    public promoTypeName?: string;
    /**
     * 京东sku,sku即为id
     */
    public skuId?: number;
    /**
     * 开始时间
     */
    public timeBegin?: string;
    /**
     * 结束时间
     */
    public timeEnd?: string;
}
/**
 * 手动发布价格返回sku具体错误信息
 */
export class PubPriceErrorVO {
    /**
     * 错误信息
     */
    public errMsg?: string;
    /**
     * skuId
     */
    public skuId?: number;
}
export class ReplyVO {
    /**
     * 响应代码【0正确,非0错误】
     */
    public code: string;
    /**
     * 返回数据
     */
    public data?: any;
    /**
     * 结果描述
     */
    public message: string;
}
export class ReplyVOAuditFlowDeptFollowRuleDetailVO {
    /**
     * 响应代码【0正确,非0错误】
     */
    public code: string;
    /**
     * 结果描述
     */
    public message: string;
    data: AuditFlowDeptFollowRuleDetailVO;
}
export class ReplyVODeptFollowRuleEditVO {
    /**
     * 响应代码【0正确,非0错误】
     */
    public code: string;
    /**
     * 结果描述
     */
    public message: string;
    data: DeptFollowRuleEditVO;
}
export class ReplyVOListOpponentVO {
    /**
     * 响应代码【0正确,非0错误】
     */
    public code: string;
    /**
     * 结果描述
     */
    public message: string;
    data: OpponentVO[];
}
export class ReplyVOListPubPriceErrorVO {
    /**
     * 响应代码【0正确,非0错误】
     */
    public code: string;
    /**
     * 结果描述
     */
    public message: string;
    data: PubPriceErrorVO[];
}
export class ReplyVOPageVOAuditFlowListVO {
    /**
     * 响应代码【0正确,非0错误】
     */
    public code: string;
    /**
     * 结果描述
     */
    public message: string;
    data: PageVOAuditFlowListVO;
}
export class ReplyVOPageVOBlackListVO {
    /**
     * 响应代码【0正确,非0错误】
     */
    public code: string;
    /**
     * 结果描述
     */
    public message: string;
    data: PageVOBlackListVO;
}
export class ReplyVOPageVODeptFollowRuleListVO {
    /**
     * 响应代码【0正确,非0错误】
     */
    public code: string;
    /**
     * 结果描述
     */
    public message: string;
    data: PageVODeptFollowRuleListVO;
}
export class ReplyVOPageVOFollowPoolListVO {
    /**
     * 响应代码【0正确,非0错误】
     */
    public code: string;
    /**
     * 结果描述
     */
    public message: string;
    data: PageVOFollowPoolListVO;
}
export class ReplyVOPageVOUserInputDataListVO {
    /**
     * 响应代码【0正确,非0错误】
     */
    public code: string;
    /**
     * 结果描述
     */
    public message: string;
    data: PageVOUserInputDataListVO;
}
export class ReplyVOPromotionListVO {
    /**
     * 响应代码【0正确,非0错误】
     */
    public code: string;
    /**
     * 结果描述
     */
    public message: string;
    data: PromotionListVO;
}
export class ReplyVOUserInputDataEditVO {
    /**
     * 响应代码【0正确,非0错误】
     */
    public code: string;
    /**
     * 结果描述
     */
    public message: string;
    data: UserInputDataEditVO;
}
export class ReplyVOint {
    /**
     * 响应代码【0正确,非0错误】
     */
    public code: string;
    /**
     * 返回数据
     */
    public data?: number;
    /**
     * 结果描述
     */
    public message: string;
}
export class RiskParam {
    /**
     * 最高价的
     */
    public maxPriceRate?: number;
    /**
     * 最低毛利率
     */
    public minGpRate?: number;
    /**
     * 厂商底价的
     */
    public minVenderPriceRate?: number;
}
/**
 * 新增、更新【用户录入数据】的参数
 */
export class UserInputDataAddUpdateDTO {
    /**
     * 价格约束开始时间
     */
    public fromData?: string;
    /**
     * 主键id
     */
    public id?: number;
    /**
     * 最高价
     */
    public maximumPrice?: number;
    /**
     * 底价
     */
    public minimumPrice?: number;
    /**
     * 价格约束类型:1供应商限价 2促销 3独家品 4其他
     */
    public priceLimitType?: number;
    /**
     * 价格约束方式:1不低于限价 2不高于限价 3固定限价 4区间限价
     */
    public priceLimitWay?: number;
    /**
     * 真实成本
     */
    public realCost?: number;
    /**
     * 备注
     */
    public remark?: string;
    /**
     * sku id
     */
    public skuId?: number;
    /**
     * 价格约束结束时间
     */
    public toData?: string;
}
/**
 * 【用户录入数据】编辑对象
 */
export class UserInputDataEditVO {
    /**
     * 价格约束开始时间
     */
    public fromData?: string;
    /**
     * 主键id
     */
    public id?: number;
    /**
     * 最高价
     */
    public maximumPrice?: number;
    /**
     * 底价
     */
    public minimumPrice?: number;
    /**
     * 价格约束类型:1供应商限价 2促销 3独家品 4其他
     */
    public priceLimitType?: number;
    /**
     * 价格约束方式:1不低于限价 2不高于限价 3固定限价 4区间限价
     */
    public priceLimitWay?: number;
    /**
     * 真实成本
     */
    public realCost?: number;
    /**
     * 备注
     */
    public remark?: string;
    /**
     * sku id
     */
    public skuId?: number;
    /**
     * 价格约束结束时间
     */
    public toData?: string;
}
/**
 * 【用户录入数据】列表展示对象
 */
export class UserInputDataListVO {
    /**
     * 品牌名称
     */
    public brandName?: string;
    /**
     * 分类名称
     */
    public categoryInfo?: string;
    /**
     * 仓报价
     */
    public cbj?: number;
    /**
     * 价格约束开始时间
     */
    public fromData?: string;
    /**
     * 主键id，删除和编辑时用
     */
    public id?: number;
    /**
     * 定价（图书专用）
     */
    public marketPrice?: number;
    /**
     * 最高价
     */
    public maximumPrice?: number;
    /**
     * 底价
     */
    public minimumPrice?: number;
    /**
     * 价格约束类型
     */
    public priceLimitTypeDesc?: string;
    /**
     * 价格约束方式
     */
    public priceLimitWayDesc?: string;
    /**
     * 进货价
     */
    public purchasePrice?: number;
    /**
     * 真实成本
     */
    public realCost?: number;
    /**
     * 京东价
     */
    public redPrice?: number;
    /**
     * 备注
     */
    public remark?: string;
    /**
     * sku id
     */
    public skuId?: number;
    /**
     * 商品名
     */
    public skuName?: string;
    /**
     * 价格约束结束时间
     */
    public toData?: string;
}
"
`;

exports[`generateDefinitions projectB 1`] = `
"export class CisMatchInfoDTO {
    public jdSkuId: number;
    public opponentId: number;
    public opponentSkuUrl?: string;
    public uuid?: string;
}
export class CisSkuDTO {
    public brandId?: number[];
    public cid?: number[];
    public cidLevel?: number;
    public deptId?: string[];
    public deptLevel?: number;
    public endIndex?: number;
    public gmvBand?: string[];
    public orderBy?: string;
    public orderType?: string;
    public pageNo?: number;
    public pageSize?: number;
    public pvBand?: string[];
    public salesBand?: string[];
    public skuId?: number[];
    public startIndex?: number;
}
/**
 * 【比价sku】列表展示对象
 */
export class CisSkuListVO {
    /**
     * 页面基线价
     */
    public basePrice?: number;
    /**
     * 黑名单状态
     */
    public blackListStatus?: boolean;
    /**
     * 仓报价
     */
    public cbj?: number;
    /**
     * uv转化率
     */
    public conversion?: number;
    /**
     * 成交价
     */
    public dealPrice?: number;
    public dealPriceLastTime?: string;
    /**
     * 成交价价差幅度
     */
    public dealPriceMargin?: number;
    /**
     * 主键ID
     */
    public id?: number;
    /**
     * 商品图片地址
     */
    public imgUrl?: string;
    /**
     * 京东价
     */
    public jdPrice?: number;
    /**
     * 匹配状态
     */
    public matchStatus?: boolean;
    /**
     * 监控状态
     */
    public monitorStatus?: boolean;
    /**
     * 价格标签
     */
    public priceTag?: number;
    /**
     * 促销信息
     */
    public promoInfo?: string;
    /**
     * pv
     */
    public pv?: number;
    /**
     * 红价
     */
    public redPrice?: number;
    /**
     * 红价价差幅度
     */
    public redPriceMargin?: number;
    /**
     * 红价更新时间
     */
    public redPriceUpdatedTime?: string;
    /**
     * 销量
     */
    public saleQtty?: number;
    /**
     * 采销账号
     */
    public salerErp?: string;
    /**
     * 京东sku
     */
    public skuId?: number;
    /**
     * 商品名称
     */
    public skuName?: string;
    /**
     * 库存
     */
    public stock?: number;
    /**
     * uv
     */
    public uv?: number;
    opponentMin: OpponentSkuShowVO;
}
/**
 * 【比价sku】详情展示对象
 */
export class CisSkuShowVO {
    /**
     * 页面基线价
     */
    public basePrice?: number;
    /**
     * 黑名单状态
     */
    public blackListStatus?: boolean;
    /**
     * 仓报价
     */
    public cbj?: number;
    /**
     * uv转化率
     */
    public conversion?: number;
    /**
     * 成交价
     */
    public dealPrice?: number;
    public dealPriceLastTime?: string;
    /**
     * 成交价价差幅度
     */
    public dealPriceMargin?: number;
    /**
     * 主键ID
     */
    public id?: number;
    /**
     * 商品图片地址
     */
    public imgUrl?: string;
    /**
     * 京东价
     */
    public jdPrice?: number;
    /**
     * 匹配状态
     */
    public matchStatus?: boolean;
    /**
     * 监控状态
     */
    public monitorStatus?: boolean;
    /**
     * 价格标签
     */
    public priceTag?: number;
    /**
     * 促销信息
     */
    public promoInfo?: string;
    /**
     * pv
     */
    public pv?: number;
    /**
     * 红价
     */
    public redPrice?: number;
    /**
     * 红价价差幅度
     */
    public redPriceMargin?: number;
    /**
     * 红价更新时间
     */
    public redPriceUpdatedTime?: string;
    /**
     * 销量
     */
    public saleQtty?: number;
    /**
     * 采销账号
     */
    public salerErp?: string;
    /**
     * 京东sku
     */
    public skuId?: number;
    /**
     * 商品名称
     */
    public skuName?: string;
    /**
     * 库存
     */
    public stock?: number;
    /**
     * uv
     */
    public uv?: number;
    opponentMin: OpponentSkuShowVO;
}
export class ConfigVO {
    public hour?: number;
    public num?: number;
}
/**
 * 匹配【友商sku】的参数
 */
export class OpponentMatchDTO {
    /**
     * 友商Id
     */
    public opponentId: number;
    /**
     * 友商sku
     */
    public opponentSkuId: string;
}
/**
 * 【友商sku】列表展示对象
 */
export class OpponentSkuListVO {
    /**
     * 重点友商标记
     */
    public attentionType?: boolean;
    /**
     * 成交价
     */
    public dealPrice?: number;
    /**
     * 主键ID
     */
    public id?: number;
    /**
     * 友商图片url
     */
    public imgUrl?: string;
    /**
     * 友商Id
     */
    public opponentId?: number;
    /**
     * 友商名称
     */
    public opponentName?: string;
    /**
     * 友商商品id
     */
    public opponentProductId?: number;
    /**
     * 友商sku
     */
    public opponentSkuId?: string;
    /**
     * 商品名称
     */
    public opponentSkuName?: string;
    /**
     * 友商商品价格更新时间
     */
    public opponentUpdatedTime?: string;
    /**
     * 促销信息
     */
    public promoInfo?: string;
    /**
     * 红价
     */
    public redPrice?: number;
    /**
     * 友商url
     */
    public url?: string;
}
/**
 * 【友商sku】详情展示对象
 */
export class OpponentSkuShowVO {
    /**
     * 重点友商标记
     */
    public attentionType?: boolean;
    /**
     * 页面基线价
     */
    public basePrice?: number;
    /**
     * 成交价
     */
    public dealPrice?: number;
    /**
     * 主键ID
     */
    public id?: number;
    /**
     * 友商图片url
     */
    public imgUrl?: string;
    /**
     * 友商Id
     */
    public opponentId?: number;
    /**
     * 友商商品id
     */
    public opponentProductId?: number;
    /**
     * 店铺类型名称
     */
    public opponentShopTypeName?: string;
    /**
     * 友商sku
     */
    public opponentSkuId?: string;
    /**
     * 商品名称
     */
    public opponentSkuName?: string;
    /**
     * 友商商品价格更新时间
     */
    public opponentUpdatedTime?: string;
    /**
     * 促销信息
     */
    public promoInfo?: string;
    /**
     * 红价
     */
    public redPrice?: number;
    /**
     * 友商url
     */
    public url?: string;
}
/**
 * 【友商】详情展示对象
 */
export class OpponentVO {
    /**
     * 友商Id
     */
    public opponentId?: number;
    /**
     * 友商名称
     */
    public opponentName?: string;
}
export class PageVOCisSkuListVO {
    /**
     * 总条数
     */
    public entityCount: number;
    /**
     * 开始序号
     */
    public firstEntityIndex: number;
    /**
     * 结束序号
     */
    public lastEntityIndex: number;
    /**
     * 总页数
     */
    public pageCount: number;
    /**
     * 页码
     */
    public pageNo: number;
    /**
     * 每页条数
     */
    public pageSize: number;
    entities: CisSkuListVO[];
}
export class PriceHisDetailVO {
    /**
     * 商品价格更新时间
     */
    public date?: string;
    /**
     * 价格
     */
    public price?: number;
}
export class PriceHistoryVO {
    /**
     * 友商ID
     */
    public opponentId?: number;
    /**
     * 友商名称
     */
    public opponentName?: string;
    /**
     * 商品编码,含京东自己
     */
    public sku?: string;
    prices: PriceHisDetailVO[];
}
export class ReplyVOCisSkuShowVO {
    /**
     * 响应代码【0正确,非0错误】
     */
    public code: string;
    /**
     * 结果描述
     */
    public message: string;
    data: CisSkuShowVO;
}
export class ReplyVOConfigVO {
    /**
     * 响应代码【0正确,非0错误】
     */
    public code: string;
    /**
     * 结果描述
     */
    public message: string;
    data: ConfigVO;
}
export class ReplyVOListOpponentSkuListVO {
    /**
     * 响应代码【0正确,非0错误】
     */
    public code: string;
    /**
     * 结果描述
     */
    public message: string;
    data: OpponentSkuListVO[];
}
export class ReplyVOListOpponentVO {
    /**
     * 响应代码【0正确,非0错误】
     */
    public code: string;
    /**
     * 结果描述
     */
    public message: string;
    data: OpponentVO[];
}
export class ReplyVOListPriceHistoryVO {
    /**
     * 响应代码【0正确,非0错误】
     */
    public code: string;
    /**
     * 结果描述
     */
    public message: string;
    data: PriceHistoryVO[];
}
export class ReplyVOPageVOCisSkuListVO {
    /**
     * 响应代码【0正确,非0错误】
     */
    public code: string;
    /**
     * 结果描述
     */
    public message: string;
    data: PageVOCisSkuListVO;
}
export class ReplyVOVoid {
    /**
     * 响应代码【0正确,非0错误】
     */
    public code: string;
    /**
     * 结果描述
     */
    public message: string;
}
/**
 * 匹配【京东sku】的参数
 */
export class SkuMatchDTO {
    /**
     * 京东sku
     */
    public skuId: number;
    opponent: OpponentMatchDTO[];
}
"
`;

exports[`generateDefinitions projectC 1`] = `
"/**
 * 【品牌展示】品牌展示对象
 */
export class BrandVO {
    /**
     * 品牌id
     */
    public brandId?: number;
    /**
     * 品牌名
     */
    public brandName?: string;
}
/**
 * 图表、列表结果对象
 */
export class ChartResultVOPriceCompeteChartListVO {
    public dtime?: string;
    public dtype?: string;
    chartData: PriceCompeteChartListVO[];
}
/**
 * 图表、列表结果对象
 */
export class ChartResultVOPriceHonestChartListVO {
    public dtime?: string;
    public dtype?: string;
    chartData: PriceHonestChartListVO[];
}
/**
 * 图表、列表结果对象
 */
export class ChartResultVOPriceWaveChartListVO {
    public dtime?: string;
    public dtype?: string;
    chartData: PriceWaveChartListVO[];
}
export class Maplongboolean {
}
export class MarkdownPriceCalcDetailVO {
    /**
     * 预测gmv
     */
    public gmv?: number;
    /**
     * 预测毛利
     */
    public gp?: number;
    /**
     * 价格说明
     */
    public priceDesc?: string;
    /**
     * 价格类型
     */
    public priceType?: string;
    /**
     * 预测日均销量
     */
    public saleQtty?: number;
    /**
     * 建议价格
     */
    public suggestPrice?: number;
}
export class MarkdownPriceCalcVO {
    /**
     * 无建议价格时的提示信息
     */
    public calcWarnMsg?: string;
    /**
     * skuId
     */
    public skuId?: number;
    markdownPriceCalcDetailVOS: MarkdownPriceCalcDetailVO[];
}
export class MarkdownSaleSimulateDetailVO {
    /**
     * 平均日销量
     */
    public avgQtty?: number;
    /**
     * 剔除优惠券后的成交价
     */
    public dealPrice?: number;
    /**
     * 最高日销量
     */
    public maxQtty?: number;
    /**
     * 最低日销量
     */
    public minQtty?: number;
}
export class MarkdownSaleSimulateVO {
    /**
     * skuId
     */
    public skuId?: number;
    markdownSaleSimulateDetailVOS: MarkdownSaleSimulateDetailVO[];
    points: SkuHistoryDTO[];
}
export class MarkdownTrendSimulateDetailVO {
    /**
     * 日期排序，即第几天
     */
    public dtOrder?: number;
    /**
     * 待清理量
     */
    public waitQtty?: number;
}
export class MarkdownTrendSimulateVO {
    /**
     * 近28天平均成交价
     */
    public avgDealPrice28?: number;
    /**
     * 近28天日均销量
     */
    public avgSales28?: number;
    /**
     * 预计清滞天数
     */
    public finishDays?: number;
    /**
     * 预计日均销量
     */
    public forecastAvgSales?: number;
    /**
     * 价格上下限的均值
     */
    public meanPrice?: number;
    /**
     * 近28天最低成交价
     */
    public minDealPrice28?: number;
    /**
     * 用户输入的模拟价格
     */
    public pointPrice?: number;
    /**
     * skuId
     */
    public skuId?: number;
    /**
     * 引擎返回的建议价格
     */
    public suggestPrice?: number;
    simulateTrend: MarkdownTrendSimulateDetailVO[];
}
export class PageVOPromoAnalysisPromoSkuVO {
    /**
     * 总条数
     */
    public entityCount: number;
    /**
     * 开始序号
     */
    public firstEntityIndex: number;
    /**
     * 结束序号
     */
    public lastEntityIndex: number;
    /**
     * 总页数
     */
    public pageCount: number;
    /**
     * 页码
     */
    public pageNo: number;
    /**
     * 每页条数
     */
    public pageSize: number;
    entities: PromoAnalysisPromoSkuVO[];
}
export class PageVOPromoAnalysisPromoVO {
    /**
     * 总条数
     */
    public entityCount: number;
    /**
     * 开始序号
     */
    public firstEntityIndex: number;
    /**
     * 结束序号
     */
    public lastEntityIndex: number;
    /**
     * 总页数
     */
    public pageCount: number;
    /**
     * 页码
     */
    public pageNo: number;
    /**
     * 每页条数
     */
    public pageSize: number;
    entities: PromoAnalysisPromoVO[];
}
export class PageVOPromoAnalysisSkuVO {
    /**
     * 总条数
     */
    public entityCount: number;
    /**
     * 开始序号
     */
    public firstEntityIndex: number;
    /**
     * 结束序号
     */
    public lastEntityIndex: number;
    /**
     * 总页数
     */
    public pageCount: number;
    /**
     * 页码
     */
    public pageNo: number;
    /**
     * 每页条数
     */
    public pageSize: number;
    entities: PromoAnalysisSkuVO[];
}
export class PageVOPromoSimulateDetailVO {
    /**
     * 总条数
     */
    public entityCount: number;
    /**
     * 开始序号
     */
    public firstEntityIndex: number;
    /**
     * 结束序号
     */
    public lastEntityIndex: number;
    /**
     * 总页数
     */
    public pageCount: number;
    /**
     * 页码
     */
    public pageNo: number;
    /**
     * 每页条数
     */
    public pageSize: number;
    entities: PromoSimulateDetailVO[];
}
export class PageVOReportTaskInstanceVO {
    /**
     * 总条数
     */
    public entityCount: number;
    /**
     * 开始序号
     */
    public firstEntityIndex: number;
    /**
     * 结束序号
     */
    public lastEntityIndex: number;
    /**
     * 总页数
     */
    public pageCount: number;
    /**
     * 页码
     */
    public pageNo: number;
    /**
     * 每页条数
     */
    public pageSize: number;
    entities: ReportTaskInstanceVO[];
}
export class PageVOReportTaskListVO {
    /**
     * 总条数
     */
    public entityCount: number;
    /**
     * 开始序号
     */
    public firstEntityIndex: number;
    /**
     * 结束序号
     */
    public lastEntityIndex: number;
    /**
     * 总页数
     */
    public pageCount: number;
    /**
     * 页码
     */
    public pageNo: number;
    /**
     * 每页条数
     */
    public pageSize: number;
    entities: ReportTaskListVO[];
}
export class PageVOSimulateSkuVO {
    /**
     * 总条数
     */
    public entityCount: number;
    /**
     * 开始序号
     */
    public firstEntityIndex: number;
    /**
     * 结束序号
     */
    public lastEntityIndex: number;
    /**
     * 总页数
     */
    public pageCount: number;
    /**
     * 页码
     */
    public pageNo: number;
    /**
     * 每页条数
     */
    public pageSize: number;
    entities: SimulateSkuVO[];
}
export class PageVOSkuBlacklistListVO {
    /**
     * 总条数
     */
    public entityCount: number;
    /**
     * 开始序号
     */
    public firstEntityIndex: number;
    /**
     * 结束序号
     */
    public lastEntityIndex: number;
    /**
     * 总页数
     */
    public pageCount: number;
    /**
     * 页码
     */
    public pageNo: number;
    /**
     * 每页条数
     */
    public pageSize: number;
    entities: SkuBlacklistListVO[];
}
/**
 * 【价格竞争力-整体趋势】图表、列表展示对象
 */
export class PriceCompeteChartListVO {
    /**
     * 平均价高幅度
     */
    public avgPriceHighDegree?: number;
    /**
     * 平均价低幅度
     */
    public avgPriceLowDegree?: number;
    /**
     * 品牌ID
     */
    public brandId?: number;
    /**
     * 品牌名称
     */
    public brandName?: string;
    /**
     * 品类ID
     */
    public cid?: number;
    /**
     * 品类名称
     */
    public cidName?: string;
    /**
     * 部门ID
     */
    public deptId?: string;
    /**
     * 部门名称
     */
    public deptName?: string;
    /**
     * 日期分区
     */
    public dtime?: string;
    /**
     * 持平个数
     */
    public flatNum?: number;
    /**
     * 持平占比
     */
    public flatRate?: number;
    /**
     * 匹配率
     */
    public matchRate?: number;
    /**
     * 匹配商品数
     */
    public matchSkuNum?: number;
    /**
     * 价格竞争力指数
     */
    public priceCompetePoint?: number;
    /**
     * 价高个数
     */
    public priceHighNum?: number;
    /**
     * 价高占比
     */
    public priceHighRate?: number;
    /**
     * 价低个数
     */
    public priceLowNum?: number;
    /**
     * 价低占比
     */
    public priceLowRate?: number;
    /**
     * 自营上柜商品数
     */
    public saleSkuNum?: number;
    /**
     * 采销erp
     */
    public salerErp?: string;
    /**
     * 采销姓名
     */
    public salerName?: string;
}
/**
 * 【价格竞争力-实时数据(汇总)】数据展示对象
 */
export class PriceCompeteSumVO {
    /**
     * 平均价高幅度
     */
    public avgPriceHighDegree?: number;
    /**
     * 数据更新时间
     */
    public dtime?: string;
    /**
     * 持平商品数
     */
    public flatSkuNum?: number;
    /**
     * 持平商品数占比
     */
    public flatSkuRate?: number;
    /**
     * 匹配率
     */
    public matchRate?: number;
    /**
     * 匹配商品数
     */
    public matchSkuNum?: number;
    /**
     * 价高商品数
     */
    public priceHighSkuNum?: number;
    /**
     * 价高商品数占比
     */
    public priceHighSkuRate?: number;
    /**
     * 价低商品数
     */
    public priceLowSkuNum?: number;
    /**
     * 价低占比
     */
    public priceLowSkuRate?: number;
    /**
     * 自营上柜商品数
     */
    public saleSkuNum?: number;
}
/**
 * 品牌下钻列表项
 */
export class PriceEcAnalysisBrandVO {
    /**
     * 品牌id
     */
    public brandId?: number;
    /**
     * 品牌名称
     */
    public brandName?: string;
    /**
     * 部门id
     */
    public deptId?: string;
    /**
     * 部门名称
     */
    public deptName?: string;
    /**
     * GMV和毛利双提升潜力商品数
     */
    public doubleCount?: number;
    /**
     * GMV提升潜力商品数
     */
    public gmvCount?: number;
    /**
     * 毛利提升潜力商品数
     */
    public gpCount?: number;
    /**
     * 其他数
     */
    public otherCount?: number;
    /**
     * 有销售潜力的商品占比
     */
    public potentialRate?: number;
    /**
     * sku总数
     */
    public skuCount?: number;
}
/**
 * 品类下钻列表项
 */
export class PriceEcAnalysisCatVO {
    /**
     * 品类id
     */
    public cid?: number;
    /**
     * 品类名称
     */
    public cname?: string;
    /**
     * GMV和毛利双提升潜力商品数
     */
    public doubleCount?: number;
    /**
     * GMV提升潜力商品数
     */
    public gmvCount?: number;
    /**
     * 毛利提升潜力商品数
     */
    public gpCount?: number;
    /**
     * 其他数
     */
    public otherCount?: number;
    /**
     * 有销售潜力的商品占比
     */
    public potentialRate?: number;
    /**
     * sku总数
     */
    public skuCount?: number;
}
/**
 * 部门下钻列表项
 */
export class PriceEcAnalysisDeptVO {
    /**
     * 部门id
     */
    public deptId?: string;
    /**
     * 部门名称
     */
    public deptName?: string;
    /**
     * GMV和毛利双提升潜力商品数
     */
    public doubleCount?: number;
    /**
     * GMV提升潜力商品数
     */
    public gmvCount?: number;
    /**
     * 毛利提升潜力商品数
     */
    public gpCount?: number;
    /**
     * 其他数
     */
    public otherCount?: number;
    /**
     * 有销售潜力的商品占比
     */
    public potentialRate?: number;
    /**
     * sku总数
     */
    public skuCount?: number;
}
/**
 * 首页指标
 */
export class PriceEcAnalysisHomeIndexVO {
    /**
     * GMV和毛利双提升潜力商品数
     */
    public doubleCount?: number;
    /**
     * 有价格弹性的商品数
     */
    public ecCount?: number;
    /**
     * 价格弹性高的商品数
     */
    public ecHighCount?: number;
    /**
     * 价格弹性低的商品数
     */
    public ecLowCount?: number;
    /**
     * GMV提升潜力商品数
     */
    public gmvCount?: number;
    /**
     * 毛利提升潜力商品数
     */
    public gpCount?: number;
    /**
     * 有销售潜力的商品数
     */
    public potentialCount?: number;
    /**
     * 数据更新日期
     */
    public updatedDate?: string;
}
/**
 * 采销下钻列表项
 */
export class PriceEcAnalysisSalerVO {
    /**
     * GMV和毛利双提升潜力商品数
     */
    public doubleCount?: number;
    /**
     * GMV提升潜力商品数
     */
    public gmvCount?: number;
    /**
     * 毛利提升潜力商品数
     */
    public gpCount?: number;
    /**
     * 其他数
     */
    public otherCount?: number;
    /**
     * 有销售潜力的商品占比
     */
    public potentialRate?: number;
    /**
     * 采销erp
     */
    public salerErp?: string;
    /**
     * 采销姓名
     */
    public salerName?: string;
    /**
     * sku总数
     */
    public skuCount?: number;
}
/**
 * top项
 */
export class PriceEcAnalysisTopItemVO {
    /**
     * 品牌id
     */
    public brandId?: number;
    /**
     * 品牌名称
     */
    public brandName?: string;
    /**
     * 品类id
     */
    public cid?: number;
    /**
     * 一级品类id
     */
    public cid1?: number;
    /**
     * 二级品类id
     */
    public cid2?: number;
    /**
     * 三级品类id
     */
    public cid3?: number;
    /**
     * 品类名称
     */
    public cname?: string;
    /**
     * 一级品类名称
     */
    public cname1?: string;
    /**
     * 二级品类名称
     */
    public cname2?: string;
    /**
     * 三级品类名称
     */
    public cname3?: string;
    /**
     * 仓报价
     */
    public cost?: number;
    /**
     * 弹性标签【1高,0低】
     */
    public ecBand?: string;
    /**
     * 7天GMV
     */
    public gmv?: number;
    /**
     * 销售额Band
     */
    public gmvBand?: string;
    /**
     * 7天毛利
     */
    public gp?: number;
    /**
     * 商品图片路径
     */
    public imgPath?: string;
    /**
     * 点击Band
     */
    public pvBand?: string;
    /**
     * 页面价(红价)
     */
    public redPrice?: number;
    /**
     * 采销ERP
     */
    public salerErp?: string;
    /**
     * 7天销量
     */
    public sales?: number;
    /**
     * 销量Band
     */
    public salesBand?: string;
    /**
     * skuId
     */
    public skuId?: number;
    /**
     * 商品名称
     */
    public skuName?: string;
}
/**
 * 3个top1
 */
export class PriceEcAnalysisTopVO {
    doubleItem: PriceEcAnalysisTopItemVO;
    gmvItem: PriceEcAnalysisTopItemVO;
    gpItem: PriceEcAnalysisTopItemVO;
}
/**
 * 【价格诚信度】图表、列表展示对象
 */
export class PriceHonestChartListVO {
    /**
     * 平均提价幅度(x>=10%)
     */
    public avgUpPriceDegree?: number;
    /**
     * 品牌ID
     */
    public brandId?: number;
    /**
     * 品牌名称
     */
    public brandName?: string;
    /**
     * 品类ID
     */
    public cid?: number;
    /**
     * 品类名称
     */
    public cidName?: string;
    /**
     * 部门ID
     */
    public deptId?: string;
    /**
     * 部门名称
     */
    public deptName?: string;
    /**
     * 日期分区
     */
    public dtime?: string;
    /**
     * 未提价个数(x<=0%)
     */
    public notUpPromoPriceNum?: number;
    /**
     * 参加促销个数
     */
    public promoNum?: number;
    /**
     * 促销参与率
     */
    public promoRate?: number;
    /**
     * 参加促销商品数
     */
    public promoSkuNum?: number;
    /**
     * 促销提价个数(0%<x<10%)
     */
    public promoUpPriceNumDown?: number;
    /**
     * 促销提价个数(x>=10%)
     */
    public promoUpPriceNumUp?: number;
    /**
     * 促销提价占比(x>=10%)
     */
    public promoUpPriceRate?: number;
    /**
     * 自营上柜商品数
     */
    public saleSkuNum?: number;
    /**
     * 采销erp
     */
    public salerErp?: string;
    /**
     * 采销姓名
     */
    public salerName?: string;
}
/**
 * 【价格诚信度-T+1数据(商品)】列表展示对象
 */
export class PriceHonestSkuListVO {
    /**
     * 常规价(基线价)
     */
    public baselinePrice?: number;
    /**
     * 品牌ID
     */
    public brandId?: number;
    /**
     * 品牌名称
     */
    public brandName?: string;
    /**
     * 销量额Band
     */
    public gmvBand?: string;
    /**
     * 商品图片路径
     */
    public imgPath?: string;
    /**
     * 促销ID列表
     */
    public promoIds?: string;
    /**
     * 点击Band
     */
    public pvBand?: string;
    /**
     * 页面价(红价)
     */
    public redPrice?: number;
    /**
     * 销量Band
     */
    public salesBand?: string;
    /**
     * skuId
     */
    public skuId?: number;
    /**
     * 提价幅度
     */
    public upPriceDegree?: number;
    promoResultList: PriceHonestSkuPromoListVO[];
}
/**
 * 【价格诚信度-T+1数据(商品)】促销信息
 */
export class PriceHonestSkuPromoListVO {
    public beginTime?: string;
    public endTime?: string;
    public extType?: number;
    public promoDescription?: string;
    public promoId?: number;
    public promoName?: string;
    public promoType?: number;
}
/**
 * 【价格诚信度】看板详情展示对象
 */
export class PriceHonestSumVO {
    /**
     * 数据统计时间
     */
    public dtime?: string;
    /**
     * 促销参与率
     */
    public promoRate?: number;
    /**
     * 参加促销商品数
     */
    public promoSkuNum?: number;
    /**
     * 促销提价占比(x>=10%)
     */
    public promoUpPriceRate?: number;
    /**
     * 促销提价商品数
     */
    public promoUpPriceSkuNum?: number;
    /**
     * 自营上柜商品数
     */
    public saleSkuNum?: number;
    /**
     * 不加权提价幅度(x>=10%)
     */
    public upPriceDegree?: number;
}
/**
 * 【价格波动性-整体趋势】图表、列表展示对象
 */
export class PriceWaveChartListVO {
    /**
     * （调价次数=0）个数
     */
    public adjustPriceNum1?: number;
    /**
     * （0<调价次数<=5）个数
     */
    public adjustPriceNum2?: number;
    /**
     * （调价次数>5）个数
     */
    public adjustPriceNum3?: number;
    /**
     * （调价次数=0）占比
     */
    public adjustPriceNumRate1?: number;
    /**
     * （0<调价次数<=5）占比
     */
    public adjustPriceNumRate2?: number;
    /**
     * （调价次数>5）占比
     */
    public adjustPriceNumRate3?: number;
    /**
     * 品牌ID
     */
    public brandId?: number;
    /**
     * 品牌名称
     */
    public brandName?: string;
    /**
     * 品类ID
     */
    public cid?: number;
    /**
     * 品类名称
     */
    public cidName?: string;
    /**
     * 部门ID
     */
    public deptId?: string;
    /**
     * 部门名称
     */
    public deptName?: string;
    /**
     * 日期分区
     */
    public dtime?: string;
    /**
     * 价格波动指数
     */
    public priceWaveRate?: number;
    /**
     * 自营上柜个数
     */
    public saleNum?: number;
    /**
     * 采销erp
     */
    public salerErp?: string;
    /**
     * 采销姓名
     */
    public salerName?: string;
}
/**
 * 【价格波动性-T+1数据(商品)】列表展示对象
 */
export class PriceWaveSkuListVO {
    /**
     * 调价次数
     */
    public adjustPriceTotalNum?: number;
    /**
     * 品牌ID
     */
    public brandId?: number;
    /**
     * 品牌名称
     */
    public brandName?: string;
    /**
     * 仓报价
     */
    public cost?: number;
    /**
     * 弹性
     */
    public ec?: number;
    /**
     * 弹性标签
     */
    public ecTag?: string;
    /**
     * 销量额Band
     */
    public gmvBand?: string;
    /**
     * 商品图片路径
     */
    public imgPath?: string;
    /**
     * 人工调价次数
     */
    public personAdjustPriceNum?: number;
    /**
     * 潜力类型
     */
    public potentialType?: string;
    /**
     * 潜力类型描述
     */
    public potentialTypeDesc?: string;
    /**
     * 点击Band
     */
    public pvBand?: string;
    /**
     * 页面价(红价)
     */
    public redPrice?: number;
    /**
     * 销量Band
     */
    public salesBand?: string;
    /**
     * skuId
     */
    public skuId?: number;
    /**
     * 系统定价次数
     */
    public sysAdjustPriceNum?: number;
    /**
     * 系统跟价次数
     */
    public sysFollowPriceNum?: number;
}
/**
 * 【价格波动性-T+1数据(汇总)】数据展示对象
 */
export class PriceWaveSumVO {
    /**
     * 调价sku数量
     */
    public adjustPriceSkuNum?: number;
    /**
     * 平均每个SKU的调价次数
     */
    public avgSkuUpPriceNum?: number;
    /**
     * 平均调价幅度
     */
    public avgUpPriceDegree?: number;
    /**
     * 数据统计结束时间
     */
    public dtimeEnd?: string;
    /**
     * 数据统计开始时间
     */
    public dtimeStart?: string;
    /**
     * 人工调价次数
     */
    public personAdjustPriceNum?: number;
    /**
     * 人工调价总次数
     */
    public personAdjustPriceTotalNum?: number;
    /**
     * 自营上柜商品数
     */
    public saleSkuNum?: number;
    /**
     * 系统定价次数
     */
    public sysAdjustPriceNum?: number;
    /**
     * 系统定价总次数
     */
    public sysAdjustPriceTotalNum?: number;
    /**
     * 系统跟价次数
     */
    public sysFollowPriceNum?: number;
    /**
     * 系统跟价总次数
     */
    public sysFollowPriceTotalNum?: number;
    /**
     * 调价商品数
     */
    public upPriceSkuNum?: number;
    /**
     * （调价1-5次）商品个数
     */
    public upPriceSkuNum1?: number;
    /**
     * （调价5次以上）商品个数
     */
    public upPriceSkuNum2?: number;
    /**
     * 调价sku占比
     */
    public upPriceSkuRate?: number;
}
/**
 * 促销GMV分析
 */
export class PromoAnalysisChart1VO {
    list: PromoAnalysisChartPieItemVO[];
}
/**
 * 有效促销效果分析
 */
export class PromoAnalysisChart2VO {
    list: PromoAnalysisChartBarItemVO[];
}
/**
 * 有效促销提升效果下钻
 */
export class PromoAnalysisChart3VO {
    list: PromoAnalysisChartPieItemVO[];
}
/**
 * 瀑布图列表项
 */
export class PromoAnalysisChartBarItemVO {
    /**
     * 平均折扣力度
     */
    public avgDiscount?: number;
    /**
     * 基线GMV
     */
    public baselineGmv?: number;
    /**
     * 蚕食GMV
     */
    public cannGmv?: number;
    /**
     * 折扣GMV
     */
    public discountGmv?: number;
    /**
     * 光环GMV
     */
    public haloGmv?: number;
    /**
     * 促销类型中文
     */
    public name?: string;
    /**
     * 净提升gmv
     */
    public pureIncremental?: number;
    /**
     * 净提升率
     */
    public pureIncrementalRate?: number;
    /**
     * ROI
     */
    public roi?: number;
    /**
     * 促销类型
     */
    public type?: number;
    /**
     * 提升GMV
     */
    public upliftGmv?: number;
    children: PromoAnalysisChartBarItemVO[];
}
/**
 * 饼图列表项
 */
export class PromoAnalysisChartPieItemVO {
    /**
     * GMV
     */
    public gmv?: number;
    /**
     * GMV占比
     */
    public gmvRate?: number;
    /**
     * 促销类型中文
     */
    public name?: string;
    /**
     * 销量
     */
    public sales?: number;
    /**
     * 促销类型
     */
    public type?: number;
    children: PromoAnalysisChartPieItemVO[];
}
/**
 * 明细分析图表VO
 */
export class PromoAnalysisChartVO {
    /**
     * 最新更新日期
     */
    public lastUpdate?: string;
    chart1: PromoAnalysisChart1VO;
    chart2: PromoAnalysisChart2VO;
    chart3: PromoAnalysisChart3VO;
}
/**
 * 首页指标
 */
export class PromoAnalysisHomeIndexVO {
    /**
     * 数据统计时间-结束
     */
    public endTime?: string;
    /**
     * 促销提升率
     */
    public incrementalRate?: number;
    /**
     * 促销个数
     */
    public promoCount?: number;
    /**
     * 无效促销个数
     */
    public promoInvalidCount?: number;
    /**
     * 负提升促销个数
     */
    public promoNegativeCount?: number;
    /**
     * 正提升促销个数
     */
    public promoPositiveCount?: number;
    /**
     * ROI
     */
    public roi?: number;
    /**
     * 参加促销商品数
     */
    public skuCount?: number;
    /**
     * 无效商品数
     */
    public skuInvalidCount?: number;
    /**
     * 负提升商品数
     */
    public skuNegativeCount?: number;
    /**
     * 正提升商品数
     */
    public skuPositiveCount?: number;
    /**
     * 数据统计时间-开始
     */
    public startTime?: string;
}
/**
 * 促销下钻结果集
 */
export class PromoAnalysisPromoResultVO {
    page: PageVOPromoAnalysisPromoVO;
    sum: PromoAnalysisSumVO;
}
/**
 * 促销SKU下钻列表项
 */
export class PromoAnalysisPromoSkuVO {
    /**
     * 平均页面价
     */
    public avgRedPrice?: number;
    /**
     * 常规价
     */
    public baselinePrice?: number;
    /**
     * 品牌id
     */
    public brandId?: number;
    /**
     * 品牌名称
     */
    public brandName?: string;
    /**
     * 品类id
     */
    public cid?: number;
    /**
     * 一级品类id
     */
    public cid1?: number;
    /**
     * 二级品类id
     */
    public cid2?: number;
    /**
     * 三级品类id
     */
    public cid3?: number;
    /**
     * 品类名称
     */
    public cname?: string;
    /**
     * 一级品类名称
     */
    public cname1?: string;
    /**
     * 二级品类名称
     */
    public cname2?: string;
    /**
     * 三级品类名称
     */
    public cname3?: string;
    /**
     * 销售额Band
     */
    public gmvBand?: string;
    /**
     * 商品图片路径
     */
    public imgPath?: string;
    /**
     * 件单价
     */
    public itemPrice?: number;
    /**
     * 是否提价做促销
     */
    public priceHike?: boolean;
    /**
     * 促销标记(商品表现)【1无效促销、2正提升、3负提升】
     */
    public promoFlag?: string;
    /**
     * 促销GMV
     */
    public promoGmv?: number;
    /**
     * 净提升率
     */
    public pureIncrementalRate?: number;
    /**
     * 点击Band
     */
    public pvBand?: string;
    /**
     * 真实折扣力度
     */
    public realDiscount?: number;
    /**
     * ROI
     */
    public roi?: number;
    /**
     * 采销ERP
     */
    public salerErp?: string;
    /**
     * 销量
     */
    public sales?: number;
    /**
     * 销量Band
     */
    public salesBand?: string;
    /**
     * skuId
     */
    public skuId?: number;
    /**
     * 商品名称
     */
    public skuName?: string;
}
/**
 * 促销下钻列表项
 */
export class PromoAnalysisPromoVO {
    /**
     * 创建人ERP
     */
    public createdBy?: string;
    /**
     * 数据结束时间
     */
    public dataEndTime?: string;
    /**
     * 数据开始时间
     */
    public dataStartTime?: string;
    /**
     * 部门名称
     */
    public deptName?: string;
    /**
     * 父单量
     */
    public parentQtty?: number;
    /**
     * 促销结束时间
     */
    public promoEndTime?: string;
    /**
     * 促销GMV
     */
    public promoGmv?: number;
    /**
     * 促销GMV占比
     */
    public promoGmvRate?: number;
    /**
     * 促销id
     */
    public promoId?: number;
    /**
     * 活动名称
     */
    public promoName?: string;
    /**
     * 促销开始时间
     */
    public promoStartTime?: string;
    /**
     * 促销状态值
     */
    public promoStatus?: number;
    /**
     * 促销状态描述
     */
    public promoStatusDesc?: string;
    /**
     * 促销子类型
     */
    public promoSubType?: number;
    /**
     * 促销子类型描述
     */
    public promoSubTypeDesc?: string;
    /**
     * 促销类型
     */
    public promoType?: number;
    /**
     * 促销类型描述
     */
    public promoTypeDesc?: string;
    /**
     * 净提升率
     */
    public pureIncrementalRate?: number;
    /**
     * 真实折扣力度
     */
    public realDiscount?: number;
    /**
     * ROI
     */
    public roi?: number;
    /**
     * 客单价
     */
    public singlePrice?: number;
    /**
     * 提报商品数
     */
    public skuCount?: number;
    /**
     * 无效商品数
     */
    public skuInvalidCount?: number;
    /**
     * 负提升商品数(黑名单)
     */
    public skuNegativeCount?: number;
    /**
     * 门槛
     */
    public threshold?: string;
    /**
     * 门槛优惠描述
     */
    public thresholdDesc?: string;
    /**
     * 总GMV
     */
    public totalGmv?: number;
    /**
     * UV
     */
    public uv?: number;
    /**
     * UV价值
     */
    public uvValue?: number;
}
/**
 * 促销下钻结果集
 */
export class PromoAnalysisSkuResultVO {
    page: PageVOPromoAnalysisSkuVO;
    sum: PromoAnalysisSumVO;
}
/**
 * SKU下钻列表项
 */
export class PromoAnalysisSkuVO {
    /**
     * 品牌id
     */
    public brandId?: number;
    /**
     * 品牌名称
     */
    public brandName?: string;
    /**
     * 品类id
     */
    public cid?: number;
    /**
     * 一级品类id
     */
    public cid1?: number;
    /**
     * 二级品类id
     */
    public cid2?: number;
    /**
     * 三级品类id
     */
    public cid3?: number;
    /**
     * 品类名称
     */
    public cname?: string;
    /**
     * 一级品类名称
     */
    public cname1?: string;
    /**
     * 二级品类名称
     */
    public cname2?: string;
    /**
     * 三级品类名称
     */
    public cname3?: string;
    /**
     * 部门id
     */
    public deptId?: string;
    /**
     * 部门名称
     */
    public deptName?: string;
    /**
     * 销售额Band
     */
    public gmvBand?: string;
    /**
     * 商品图片路径
     */
    public imgPath?: string;
    /**
     * 件单价
     */
    public itemPrice?: number;
    /**
     * 参加促销次数
     */
    public promoCount?: number;
    /**
     * 促销GMV
     */
    public promoGmv?: number;
    /**
     * 促销GMV占比
     */
    public promoGmvRate?: number;
    /**
     * 无效促销次数
     */
    public promoInvalidCount?: number;
    /**
     * 负提升(黑名单)促销次数
     */
    public promoNegativeCount?: number;
    /**
     * 净提升率
     */
    public pureIncrementalRate?: number;
    /**
     * 点击Band
     */
    public pvBand?: string;
    /**
     * 真实折扣力度
     */
    public realDiscount?: number;
    /**
     * ROI
     */
    public roi?: number;
    /**
     * 采销ERP
     */
    public salerErp?: string;
    /**
     * 销量
     */
    public sales?: number;
    /**
     * 销量Band
     */
    public salesBand?: string;
    /**
     * skuId
     */
    public skuId?: number;
    /**
     * 商品名称
     */
    public skuName?: string;
    /**
     * 总GMV
     */
    public totalGmv?: number;
}
/**
 * 促销分析汇总VO
 */
export class PromoAnalysisSumVO {
    /**
     * 净提升率
     */
    public pureIncrementalRate?: number;
    /**
     * 真实折扣力度
     */
    public realDiscount?: number;
    /**
     * ROI
     */
    public roi?: number;
}
/**
 * 部门树状结构
 */
export class PromoDeptTreeVO {
    /**
     * 部门级别
     */
    public level?: number;
    /**
     * 部门名称
     */
    public name?: string;
    children: PromoDeptTreeVO[];
}
/**
 * 查询【是否叠加其他促销风险】的参数
 */
export class PromoOverlayRiskDTO {
    /**
     * 结束日期
     */
    public endDate: string;
    /**
     * 当前促销类型
     */
    public promoType: number;
    /**
     * skuId列表
     */
    public skuIds: number[];
    /**
     * 开始日期
     */
    public startDate: string;
}
export class PromoResponse {
    public adWord?: string;
    public checkState?: number;
    public deleteState?: boolean;
    public levelMember?: number;
    public promoExtType?: number;
    public promoId?: number;
    public promoName?: string;
    public promoState?: number;
    public promoType?: number;
    public remark?: string;
    public source?: number;
    public timeBegin?: string;
    public timeEnd?: string;
}
/**
 * 选品明细
 */
export class PromoRoDetailVO {
    /**
     * 基线价格(常规价)
     */
    public baselinePrice?: number;
    /**
     * 黑名单率
     */
    public blacklistRate?: number;
    /**
     * 品牌id
     */
    public brandId?: number;
    /**
     * 品牌名称
     */
    public brandName?: string;
    /**
     * 品类id
     */
    public cid?: number;
    /**
     * 一级品类id
     */
    public cid1?: number;
    /**
     * 二级品类id
     */
    public cid2?: number;
    /**
     * 三级品类id
     */
    public cid3?: number;
    /**
     * 品类名称
     */
    public cname?: string;
    /**
     * 一级品类名称
     */
    public cname1?: string;
    /**
     * 二级品类名称
     */
    public cname2?: string;
    /**
     * 三级品类名称
     */
    public cname3?: string;
    /**
     * 成本(仓报价)
     */
    public cost?: number;
    /**
     * 销售额Band
     */
    public gmvBand?: string;
    /**
     * 提价幅度
     */
    public hikeRatio?: number;
    /**
     * 是否有提价风险
     */
    public hikeRisk?: boolean;
    /**
     * 商品图片路径
     */
    public imgPath?: string;
    /**
     * 京东价(erp价)
     */
    public jdPrice?: number;
    /**
     * 是否有叠加其他促销风险
     */
    public overlayRisk?: boolean;
    /**
     * 点击Band
     */
    public pvBand?: string;
    /**
     * 真实折扣力度
     */
    public realDiscount?: number;
    /**
     * 页面价(红价)
     */
    public redPrice?: number;
    /**
     * 采销ERP
     */
    public salerErp?: string;
    /**
     * 销量Band
     */
    public salesBand?: string;
    /**
     * skuId
     */
    public skuId?: number;
    /**
     * 商品名称
     */
    public skuName?: string;
    /**
     * 库存
     */
    public stock?: number;
    /**
     * 库存周转天数
     */
    public stockTurnoverDay?: string;
}
export class PromoRoQO {
    public _blackFilter?: boolean;
    public _cidList?: number[];
    public _deptIdList?: string[];
    public _enabled?: number;
    public _saleStatus?: number;
    public _salerErp?: string[];
    public brandId?: number[];
    public cid?: number[];
    public cidLevel?: number;
    public deptId?: string;
    public deptLevel?: number;
    public endDate: string;
    public endIndex?: number;
    public exportEmail?: string;
    public gmvBand?: string[];
    public ifFindOverlayRisk?: boolean;
    public pageNo?: number;
    public pageSize?: number;
    public plan: number;
    public promoSubType1: number;
    public promoSubType2?: number;
    public promoSubTypeEnum1?: 'SUB_1_0' | 'SUB_1_8' | 'SUB_1_1' | 'SUB_1_4' | 'SUB_1_10' | 'SUB_1_16' | 'SUB_1_101' | 'SUB_1_103' | 'SUB_1_106' | 'SUB_1_107' | 'SUB_1_999' | 'SUB_1_104' | 'SUB_10_0' | 'SUB_10_1' | 'SUB_10_2' | 'SUB_10_3' | 'SUB_10_4' | 'SUB_10_5' | 'SUB_10_6' | 'SUB_10_13' | 'SUB_10_14' | 'SUB_10_15' | 'SUB_10_115' | 'SUB_10_16' | 'SUB_10_17' | 'SUB_10_20' | 'SUB_10_21' | 'SUB_10_22' | 'SUB_10_23' | 'SUB_10_24' | 'SUB_4_4' | 'SUB_4_3' | 'SUB_4_2' | 'SUB_6_0' | 'SUB_6_1' | 'SUB_6_2' | 'SUB_6_3' | 'SUB_6_5' | 'SUB_6_4' | 'SUB_2_0' | 'SUB_2_3';
    public promoSubTypeEnum2?: 'SUB_1_0' | 'SUB_1_8' | 'SUB_1_1' | 'SUB_1_4' | 'SUB_1_10' | 'SUB_1_16' | 'SUB_1_101' | 'SUB_1_103' | 'SUB_1_106' | 'SUB_1_107' | 'SUB_1_999' | 'SUB_1_104' | 'SUB_10_0' | 'SUB_10_1' | 'SUB_10_2' | 'SUB_10_3' | 'SUB_10_4' | 'SUB_10_5' | 'SUB_10_6' | 'SUB_10_13' | 'SUB_10_14' | 'SUB_10_15' | 'SUB_10_115' | 'SUB_10_16' | 'SUB_10_17' | 'SUB_10_20' | 'SUB_10_21' | 'SUB_10_22' | 'SUB_10_23' | 'SUB_10_24' | 'SUB_4_4' | 'SUB_4_3' | 'SUB_4_2' | 'SUB_6_0' | 'SUB_6_1' | 'SUB_6_2' | 'SUB_6_3' | 'SUB_6_5' | 'SUB_6_4' | 'SUB_2_0' | 'SUB_2_3';
    public promoType1: number;
    public promoType2?: number;
    public pvBand?: string[];
    public salesBand?: string[];
    public skuId?: string;
    public startDate: string;
    public startIndex?: number;
    public threshold1?: string;
    public threshold2?: string;
}
/**
 * 选品建议结果集
 */
export class PromoRoVO {
    public blackSize?: number;
    public fakeSize?: number;
    public whiteSize?: number;
    blacklist: PromoRoDetailVO[];
    fakelist: PromoRoDetailVO[];
    whitelist: PromoRoDetailVO[];
}
/**
 * 效果模拟明细
 */
export class PromoSimulateDetailVO {
    /**
     * 基线销售额
     */
    public baselineGmv?: number;
    /**
     * 基线价格(常规价)
     */
    public baselinePrice?: number;
    /**
     * 基线销量
     */
    public baselineSales?: number;
    /**
     * 品牌id
     */
    public brandId?: number;
    /**
     * 品牌名称
     */
    public brandName?: string;
    /**
     * 品类id
     */
    public cid?: number;
    /**
     * 一级品类id
     */
    public cid1?: number;
    /**
     * 二级品类id
     */
    public cid2?: number;
    /**
     * 三级品类id
     */
    public cid3?: number;
    /**
     * 品类名称
     */
    public cname?: string;
    /**
     * 一级品类名称
     */
    public cname1?: string;
    /**
     * 二级品类名称
     */
    public cname2?: string;
    /**
     * 三级品类名称
     */
    public cname3?: string;
    /**
     * 成本(仓报价)
     */
    public cost?: number;
    /**
     * 销售额Band
     */
    public gmvBand?: string;
    /**
     * 销售额模拟
     */
    public gmvSimulation?: number;
    /**
     * 毛利额模拟
     */
    public gpSimulation?: number;
    /**
     * 提价幅度
     */
    public hikeRatio?: number;
    /**
     * 是否有提价风险
     */
    public hikeRisk?: boolean;
    /**
     * 商品图片路径
     */
    public imgPath?: string;
    /**
     * 京东价(erp价)
     */
    public jdPrice?: number;
    /**
     * 是否有叠加其他促销风险
     */
    public overlayRisk?: boolean;
    /**
     * 点击Band
     */
    public pvBand?: string;
    /**
     * 真实折扣力度
     */
    public realDiscount?: number;
    /**
     * 页面价(红价)
     */
    public redPrice?: number;
    /**
     * 采销ERP
     */
    public salerErp?: string;
    /**
     * 销量Band
     */
    public salesBand?: string;
    /**
     * 销量模拟
     */
    public salesSimulation?: number;
    /**
     * skuId
     */
    public skuId?: number;
    /**
     * 商品名称
     */
    public skuName?: string;
    /**
     * 库存
     */
    public stock?: number;
    /**
     * 库存周转天数
     */
    public stockTurnoverDay?: string;
}
/**
 * 效果模拟汇总
 */
export class PromoSimulateTotalVO {
    /**
     * 销售额模拟
     */
    public gmvSimulation?: number;
    /**
     * 销量模拟
     */
    public salesSimulation?: number;
}
export class ReplyVO {
    /**
     * 响应代码【0正确,非0错误】
     */
    public code: string;
    /**
     * 返回数据
     */
    public data?: any;
    /**
     * 结果描述
     */
    public message: string;
}
export class ReplyVOChartResultVOPriceCompeteChartListVO {
    /**
     * 响应代码【0正确,非0错误】
     */
    public code: string;
    /**
     * 结果描述
     */
    public message: string;
    data: ChartResultVOPriceCompeteChartListVO;
}
export class ReplyVOChartResultVOPriceHonestChartListVO {
    /**
     * 响应代码【0正确,非0错误】
     */
    public code: string;
    /**
     * 结果描述
     */
    public message: string;
    data: ChartResultVOPriceHonestChartListVO;
}
export class ReplyVOChartResultVOPriceWaveChartListVO {
    /**
     * 响应代码【0正确,非0错误】
     */
    public code: string;
    /**
     * 结果描述
     */
    public message: string;
    data: ChartResultVOPriceWaveChartListVO;
}
export class ReplyVOListPriceEcAnalysisBrandVO {
    /**
     * 响应代码【0正确,非0错误】
     */
    public code: string;
    /**
     * 结果描述
     */
    public message: string;
    data: PriceEcAnalysisBrandVO[];
}
export class ReplyVOListPriceEcAnalysisCatVO {
    /**
     * 响应代码【0正确,非0错误】
     */
    public code: string;
    /**
     * 结果描述
     */
    public message: string;
    data: PriceEcAnalysisCatVO[];
}
export class ReplyVOListPriceEcAnalysisDeptVO {
    /**
     * 响应代码【0正确,非0错误】
     */
    public code: string;
    /**
     * 结果描述
     */
    public message: string;
    data: PriceEcAnalysisDeptVO[];
}
export class ReplyVOListPriceEcAnalysisSalerVO {
    /**
     * 响应代码【0正确,非0错误】
     */
    public code: string;
    /**
     * 结果描述
     */
    public message: string;
    data: PriceEcAnalysisSalerVO[];
}
export class ReplyVOListPriceHonestSkuListVO {
    /**
     * 响应代码【0正确,非0错误】
     */
    public code: string;
    /**
     * 结果描述
     */
    public message: string;
    data: PriceHonestSkuListVO[];
}
export class ReplyVOListPriceWaveSkuListVO {
    /**
     * 响应代码【0正确,非0错误】
     */
    public code: string;
    /**
     * 结果描述
     */
    public message: string;
    data: PriceWaveSkuListVO[];
}
export class ReplyVOListPromoResponse {
    /**
     * 响应代码【0正确,非0错误】
     */
    public code: string;
    /**
     * 结果描述
     */
    public message: string;
    data: PromoResponse[];
}
export class ReplyVOListSaleSimulateTableVO {
    /**
     * 响应代码【0正确,非0错误】
     */
    public code: string;
    /**
     * 结果描述
     */
    public message: string;
    data: SaleSimulateTableVO[];
}
export class ReplyVOListSelectOptionVOint {
    /**
     * 响应代码【0正确,非0错误】
     */
    public code: string;
    /**
     * 结果描述
     */
    public message: string;
    data: SelectOptionVOint[];
}
export class ReplyVOListSkuHistoryDTO {
    /**
     * 响应代码【0正确,非0错误】
     */
    public code: string;
    /**
     * 结果描述
     */
    public message: string;
    data: SkuHistoryDTO[];
}
export class ReplyVOListTopBrandListVO {
    /**
     * 响应代码【0正确,非0错误】
     */
    public code: string;
    /**
     * 结果描述
     */
    public message: string;
    data: TopBrandListVO[];
}
export class ReplyVOMaplongboolean {
    /**
     * 响应代码【0正确,非0错误】
     */
    public code: string;
    /**
     * 返回数据
     */
    public data?: any;
    /**
     * 结果描述
     */
    public message: string;
}
export class ReplyVOMarkdownPriceCalcVO {
    /**
     * 响应代码【0正确,非0错误】
     */
    public code: string;
    /**
     * 结果描述
     */
    public message: string;
    data: MarkdownPriceCalcVO;
}
export class ReplyVOMarkdownSaleSimulateVO {
    /**
     * 响应代码【0正确,非0错误】
     */
    public code: string;
    /**
     * 结果描述
     */
    public message: string;
    data: MarkdownSaleSimulateVO;
}
export class ReplyVOMarkdownTrendSimulateVO {
    /**
     * 响应代码【0正确,非0错误】
     */
    public code: string;
    /**
     * 结果描述
     */
    public message: string;
    data: MarkdownTrendSimulateVO;
}
export class ReplyVOPageVOPromoAnalysisPromoSkuVO {
    /**
     * 响应代码【0正确,非0错误】
     */
    public code: string;
    /**
     * 结果描述
     */
    public message: string;
    data: PageVOPromoAnalysisPromoSkuVO;
}
export class ReplyVOPageVOPromoSimulateDetailVO {
    /**
     * 响应代码【0正确,非0错误】
     */
    public code: string;
    /**
     * 结果描述
     */
    public message: string;
    data: PageVOPromoSimulateDetailVO;
}
export class ReplyVOPageVOReportTaskInstanceVO {
    /**
     * 响应代码【0正确,非0错误】
     */
    public code: string;
    /**
     * 结果描述
     */
    public message: string;
    data: PageVOReportTaskInstanceVO;
}
export class ReplyVOPageVOReportTaskListVO {
    /**
     * 响应代码【0正确,非0错误】
     */
    public code: string;
    /**
     * 结果描述
     */
    public message: string;
    data: PageVOReportTaskListVO;
}
export class ReplyVOPageVOSimulateSkuVO {
    /**
     * 响应代码【0正确,非0错误】
     */
    public code: string;
    /**
     * 结果描述
     */
    public message: string;
    data: PageVOSimulateSkuVO;
}
export class ReplyVOPageVOSkuBlacklistListVO {
    /**
     * 响应代码【0正确,非0错误】
     */
    public code: string;
    /**
     * 结果描述
     */
    public message: string;
    data: PageVOSkuBlacklistListVO;
}
export class ReplyVOPriceCompeteSumVO {
    /**
     * 响应代码【0正确,非0错误】
     */
    public code: string;
    /**
     * 结果描述
     */
    public message: string;
    data: PriceCompeteSumVO;
}
export class ReplyVOPriceEcAnalysisHomeIndexVO {
    /**
     * 响应代码【0正确,非0错误】
     */
    public code: string;
    /**
     * 结果描述
     */
    public message: string;
    data: PriceEcAnalysisHomeIndexVO;
}
export class ReplyVOPriceEcAnalysisTopVO {
    /**
     * 响应代码【0正确,非0错误】
     */
    public code: string;
    /**
     * 结果描述
     */
    public message: string;
    data: PriceEcAnalysisTopVO;
}
export class ReplyVOPriceHonestSumVO {
    /**
     * 响应代码【0正确,非0错误】
     */
    public code: string;
    /**
     * 结果描述
     */
    public message: string;
    data: PriceHonestSumVO;
}
export class ReplyVOPriceWaveSumVO {
    /**
     * 响应代码【0正确,非0错误】
     */
    public code: string;
    /**
     * 结果描述
     */
    public message: string;
    data: PriceWaveSumVO;
}
export class ReplyVOPromoAnalysisChartVO {
    /**
     * 响应代码【0正确,非0错误】
     */
    public code: string;
    /**
     * 结果描述
     */
    public message: string;
    data: PromoAnalysisChartVO;
}
export class ReplyVOPromoAnalysisHomeIndexVO {
    /**
     * 响应代码【0正确,非0错误】
     */
    public code: string;
    /**
     * 结果描述
     */
    public message: string;
    data: PromoAnalysisHomeIndexVO;
}
export class ReplyVOPromoAnalysisPromoResultVO {
    /**
     * 响应代码【0正确,非0错误】
     */
    public code: string;
    /**
     * 结果描述
     */
    public message: string;
    data: PromoAnalysisPromoResultVO;
}
export class ReplyVOPromoAnalysisSkuResultVO {
    /**
     * 响应代码【0正确,非0错误】
     */
    public code: string;
    /**
     * 结果描述
     */
    public message: string;
    data: PromoAnalysisSkuResultVO;
}
export class ReplyVOPromoAnalysisSumVO {
    /**
     * 响应代码【0正确,非0错误】
     */
    public code: string;
    /**
     * 结果描述
     */
    public message: string;
    data: PromoAnalysisSumVO;
}
export class ReplyVOPromoRoVO {
    /**
     * 响应代码【0正确,非0错误】
     */
    public code: string;
    /**
     * 结果描述
     */
    public message: string;
    data: PromoRoVO;
}
export class ReplyVOPromoSimulateTotalVO {
    /**
     * 响应代码【0正确,非0错误】
     */
    public code: string;
    /**
     * 结果描述
     */
    public message: string;
    data: PromoSimulateTotalVO;
}
export class ReplyVOReportTaskShowVO {
    /**
     * 响应代码【0正确,非0错误】
     */
    public code: string;
    /**
     * 结果描述
     */
    public message: string;
    data: ReportTaskShowVO;
}
export class ReplyVOSaleSimulateVO {
    /**
     * 响应代码【0正确,非0错误】
     */
    public code: string;
    /**
     * 结果描述
     */
    public message: string;
    data: SaleSimulateVO;
}
export class ReplyVOSetPromoDeptTreeVO {
    /**
     * 响应代码【0正确,非0错误】
     */
    public code: string;
    /**
     * 结果描述
     */
    public message: string;
    data: PromoDeptTreeVO[];
}
export class ReplyVOSimulateSkuVO {
    /**
     * 响应代码【0正确,非0错误】
     */
    public code: string;
    /**
     * 结果描述
     */
    public message: string;
    data: SimulateSkuVO;
}
export class ReplyVOVoid {
    /**
     * 响应代码【0正确,非0错误】
     */
    public code: string;
    /**
     * 结果描述
     */
    public message: string;
}
export class ReplyVOint {
    /**
     * 响应代码【0正确,非0错误】
     */
    public code: string;
    /**
     * 返回数据
     */
    public data?: number;
    /**
     * 结果描述
     */
    public message: string;
}
/**
 * 报表任务重试查询参数对象
 */
export class ReportRetryQO {
    public taskId: number;
}
/**
 * 新增【报表任务】的参数
 */
export class ReportTaskAddDTO {
    /**
     * 开始日期
     */
    public beginDate?: string;
    /**
     * 抄送人
     */
    public ccMail?: string;
    /**
     * 部门联合id
     */
    public deptUnionId: string;
    /**
     * 状态
     */
    public enabled?: number;
    /**
     * 结束日期
     */
    public endDate?: string;
    /**
     * 友商联合id
     */
    public opponentUnionId?: string;
    /**
     * 对标价格
     */
    public priceType?: number;
    /**
     * 发送时间
     */
    public sendTime?: string;
    /**
     * 模版类型
     */
    public templateType?: number;
    /**
     * 时间维度
     */
    public timeType?: number;
    /**
     * 定期模式
     */
    public timingType?: number;
    /**
     * 收件人
     */
    public toMail?: string;
}
/**
 * 任务配置删除查询参数
 */
export class ReportTaskDeleteQO {
    /**
     * taskId集合
     */
    public taskId?: number[];
}
/**
 * 【报表任务实例表】详情展示对象
 */
export class ReportTaskInstanceVO {
    /**
     * 任务开始时间
     */
    public beginTime?: string;
    /**
     * 任务结束时间
     */
    public endTime?: string;
    /**
     * 主键，自增id
     */
    public id?: number;
    /**
     * 计划执行时间
     */
    public planTime?: string;
    /**
     * 备注
     */
    public remark?: string;
    /**
     * 执行状态(0 等待 1 正在运行 2 成功 3 失败 4 取消)
     */
    public status?: string;
    /**
     * 任务Id
     */
    public taskId?: number;
    /**
     * 运行类型（0 自动 1 手动）
     */
    public type?: string;
}
/**
 * 【报表任务】列表展示对象
 */
export class ReportTaskListVO {
    /**
     * 开始日期
     */
    public beginDate?: string;
    /**
     * 抄送人
     */
    public ccMail?: string;
    /**
     * 创建人【最大长度20】
     */
    public createdBy?: string;
    /**
     * 创建时间【yyyy-MM-dd HH:mm:ss】
     */
    public createdTime?: string;
    /**
     * 部门名称
     */
    public deptName?: string;
    /**
     * 部门联合id
     */
    public deptUnionId?: string;
    /**
     * 状态
     */
    public enabled?: number;
    /**
     * 结束日期
     */
    public endDate?: string;
    /**
     * 主键ID
     */
    public id?: number;
    /**
     * 修改人【最大长度20】
     */
    public operatedBy?: string;
    /**
     * 修改时间【yyyy-MM-dd HH:mm:ss】
     */
    public operatedTime?: string;
    /**
     * 对标友商
     */
    public opponentName?: string;
    /**
     * 友商编码
     */
    public opponentUnionId?: string;
    /**
     * 发送时间
     */
    public sendTime?: string;
    /**
     * 模版类型
     */
    public templateType?: number;
    /**
     * 时间维度
     */
    public timeType?: number;
    public timingType?: number;
    /**
     * 收件人
     */
    public toMail?: string;
}
/**
 * 【报表任务】详情展示对象
 */
export class ReportTaskShowVO {
    /**
     * 开始日期
     */
    public beginDate?: string;
    /**
     * 抄送人
     */
    public ccMail?: string;
    /**
     * 部门联合id
     */
    public deptUnionId?: string;
    /**
     * 状态
     */
    public enabled?: number;
    /**
     * 结束日期
     */
    public endDate?: string;
    /**
     * 主键ID
     */
    public id?: number;
    /**
     * 友商联合id
     */
    public opponentUnionId?: string;
    /**
     * 对标价格
     */
    public priceType?: string;
    /**
     * 发送时间
     */
    public sendTime?: string;
    /**
     * 模版类型
     */
    public templateType?: number;
    /**
     * 时间维度
     */
    public timeType?: number;
    /**
     * 定期模式
     */
    public timingType?: number;
    /**
     * 收件人
     */
    public toMail?: string;
}
/**
 * 修改【报表任务】的参数
 */
export class ReportTaskUpdateDTO {
    /**
     * 开始日期
     */
    public beginDate?: string;
    /**
     * 抄送人
     */
    public ccMail?: string;
    /**
     * 部门联合id
     */
    public deptUnionId: string;
    /**
     * 状态
     */
    public enabled?: number;
    /**
     * 结束日期
     */
    public endDate?: string;
    /**
     * 主键ID
     */
    public id: number;
    /**
     * 友商联合id
     */
    public opponentUnionId?: string;
    /**
     * 对标价格
     */
    public priceType?: number;
    /**
     * 发送时间
     */
    public sendTime?: string;
    /**
     * 模版类型
     */
    public templateType?: number;
    /**
     * 时间维度
     */
    public timeType?: number;
    /**
     * 定期模式
     */
    public timingType?: number;
    /**
     * 收件人
     */
    public toMail?: string;
}
export class SaleSimulateDetailVO {
    /**
     * 成交价
     */
    public dealPrice?: number;
    /**
     * pv
     */
    public pv?: number;
    /**
     * 销量
     */
    public saleQtty?: number;
    /**
     * 区分是否为用户选择的点
     */
    public type?: number;
}
export class SaleSimulateTableVO {
    /**
     * 日均成交价
     */
    public avgDealPrice?: number;
    /**
     * 日均gmv
     */
    public avgGmv?: number;
    /**
     * 日均毛利
     */
    public avgGp?: number;
    /**
     * 日均单量
     */
    public avgOrdQtty?: number;
    /**
     * 日均销量
     */
    public avgSaleQtty?: number;
    /**
     * 真实成交价范围
     */
    public dealPriceRange?: string;
    /**
     * 日均pv转化率
     */
    public pvConversionRate?: number;
    /**
     * pv范围
     */
    public pvRange?: string;
    /**
     * skuId
     */
    public skuId?: number;
    /**
     * 日均Uv转化率
     */
    public uvConversionRate?: number;
}
export class SaleSimulateVO {
    /**
     * 仓报价
     */
    public cbj?: number;
    /**
     * 扩展时间后的最大pv
     */
    public maxPv?: number;
    /**
     * 扩展时间后的的最小pv
     */
    public minPv?: number;
    /**
     * skuId
     */
    public skuId?: number;
    drawPoints: SaleSimulateDetailVO[];
    lineData: SaleSimulateDetailVO[];
}
export class SelectOptionVOint {
    public label?: string;
    public value?: number;
}
export class SimulateSkuVO {
    /**
     * 近28天平均成交价
     */
    public avgMonthDealPrice?: number;
    /**
     * 近28天日均销量
     */
    public avgMonthSaleQtty?: number;
    /**
     * 品牌id
     */
    public brandId?: number;
    /**
     * 品牌名称
     */
    public brandName?: string;
    /**
     * 仓报价，实时获取
     */
    public cbj?: number;
    /**
     * 品类id
     */
    public cid?: number;
    /**
     * 一级品类id
     */
    public cid1?: number;
    /**
     * 二级品类id
     */
    public cid2?: number;
    /**
     * 三级品类id
     */
    public cid3?: number;
    /**
     * 品类名称
     */
    public cname?: string;
    /**
     * 一级品类名称
     */
    public cname1?: string;
    /**
     * 二级品类名称
     */
    public cname2?: string;
    /**
     * 三级品类名称
     */
    public cname3?: string;
    /**
     * 日调价次数
     */
    public dayAdjustPriceNum?: number;
    /**
     * 弹性
     */
    public ec?: number;
    /**
     * 价格敏感度
     */
    public ecTag?: string;
    /**
     * 京东价，实时获取
     */
    public erpPrice?: number;
    /**
     * 近7天gmv
     */
    public gmv7?: number;
    /**
     * 销售额Band
     */
    public gmvBand?: string;
    /**
     * 近7天毛利
     */
    public gp7?: number;
    /**
     * 商品图片路径
     */
    public imgPath?: string;
    /**
     * 近28天最低成交价
     */
    public minMonthDealPrice?: number;
    /**
     * 月调价次数
     */
    public monthAdjustPriceNum?: number;
    /**
     * 近一个自然月调价次数
     */
    public naturalMonthAdjustPriceNum?: number;
    /**
     * 定价潜力
     */
    public potentialType?: string;
    /**
     * 定价潜力说明
     */
    public potentialTypeDesc?: string;
    /**
     * 点击Band
     */
    public pvBand?: string;
    /**
     * 页面价，实时获取
     */
    public redPrice?: number;
    /**
     * 近7天销量
     */
    public saleQtty7?: number;
    /**
     * 采销ERP
     */
    public salerErp?: string;
    /**
     * 销量Band
     */
    public salesBand?: string;
    /**
     * skuId
     */
    public skuId?: number;
    /**
     * 商品名称
     */
    public skuName?: string;
    /**
     * 全国库存，实时获取
     */
    public stockQtty?: number;
    /**
     * 周调价次数
     */
    public weekAdjustPriceNum?: number;
}
/**
 * 新增【sku黑名单设置】的参数
 */
export class SkuBlacklistAddDTO {
    /**
     * skuId
     */
    public skuId?: number[];
}
/**
 * 【sku黑名单设置】删除查询参数
 */
export class SkuBlacklistDeleteQO {
    /**
     * skuId集合
     */
    public skuId?: number[];
}
/**
 * 【sku黑名单设置】列表展示对象
 */
export class SkuBlacklistListVO {
    /**
     * 配置人
     */
    public createdBy?: string;
    public createdTime?: string;
    /**
     * 操作时间
     */
    public createdTimeStr?: string;
    /**
     * 一级部门名称
     */
    public deptName1?: string;
    /**
     * 二级部门名称
     */
    public deptName2?: string;
    /**
     * 三级部门名称
     */
    public deptName3?: string;
    /**
     * skuId
     */
    public skuId?: number;
}
export class SkuHistoryDTO {
    public avgRedPrice?: number;
    public dealPrice?: number;
    public dt?: string;
    public lastRedPrice?: number;
    public maxRedPrice?: number;
    public minRedPrice?: number;
    public ordQtty?: number;
    public pv?: number;
    public regularPrice?: number;
    public saleQtty?: number;
    public skuId?: number;
    public uv?: number;
}
/**
 * 新增【重点品牌监控设置】的参数
 */
export class TopBrandAddDTO {
    brands: BrandVO[];
}
/**
 * 重点品牌监控删除参数对象
 */
export class TopBrandDeleteQO {
    public id: number;
}
/**
 * 【重点监控品牌配置】列表展示对象
 */
export class TopBrandListVO {
    /**
     * 品牌id
     */
    public brandId?: number;
    /**
     * 品牌名称
     */
    public brandName?: string;
    /**
     * 主键，自动递增
     */
    public id?: number;
}
"
`;
