// Jest Snapshot v1, https://goo.gl/fbAQLP

exports[`run use cleaned spec 1`] = `
{
  "ABCOutputParameters": {
    "schema": {
      "properties": {
        "dueDay": {
          "description": "开卡日",
          "type": "string",
        },
        "requestChannel": {
          "description": "进件渠道",
          "type": "string",
        },
      },
      "required": [
        "dueDay",
        "requestChannel",
      ],
      "type": "object",
    },
    "typeName": "ABCOutputParameters",
  },
  "DataTransOutput": {
    "schema": {
      "description": "带数据的返回数据",
      "properties": {
        "data": {
          "description": "返回数据",
          "type": "object",
        },
        "transCode": {
          "description": "错误码。
100000 成功
200000 入参不合法
400000 权限不足
500000 服务失败",
          "format": "int32",
          "type": "integer",
        },
        "transMessage": {
          "description": "错误信息。成功：“成功” 失败：“失败对应的msg”",
          "type": "string",
        },
        "transMessageDetail": {
          "description": "信息详情”",
          "type": "string",
        },
      },
      "required": [
        "transCode",
        "transMessage",
        "transMessageDetail",
      ],
      "type": "object",
    },
    "typeName": "DataTransOutput",
  },
  "DatatransoutputOutputParameterVO": {
    "schema": {
      "description": "带数据的返回数据",
      "properties": {
        "data": {
          "$ref": "OutputParameterVo",
          "description": "返回数据",
        },
        "transCode": {
          "description": "错误码。
100000 成功
200000 入参不合法
400000 权限不足
500000 服务失败",
          "format": "int32",
          "type": "integer",
        },
        "transMessage": {
          "description": "错误信息。成功：“成功” 失败：“失败对应的msg”",
          "type": "string",
        },
        "transMessageDetail": {
          "description": "信息详情”",
          "type": "string",
        },
      },
      "required": [
        "transCode",
        "transMessage",
        "transMessageDetail",
      ],
      "type": "object",
    },
    "typeName": "DatatransoutputOutputParameterVO",
  },
  "GeneralRequestParameterQueryParameter": {
    "originalName": undefined,
    "schema": undefined,
    "typeName": "GeneralRequestParameterQueryParameter",
    "typescriptContent": "export type GeneralRequestParameterQueryParameter = any",
  },
  "GeneralRequestParameterTokenOutputParameterVO": {
    "schema": {
      "properties": {
        "bizParamVo": {
          "$ref": "OutputParameterVo",
        },
      },
      "type": "object",
    },
    "typeName": "GeneralRequestParameterTokenOutputParameterVO",
  },
  "MixedChineseAndEnglishWithSpacesVo": {
    "schema": {
      "properties": {
        "dueDay": {
          "description": "开卡日",
          "type": "string",
        },
        "requestChannel": {
          "description": "进件渠道",
          "type": "string",
        },
      },
      "required": [
        "dueDay",
        "requestChannel",
      ],
      "type": "object",
    },
    "typeName": "MixedChineseAndEnglishWithSpacesVo",
  },
  "OutputParameterVo": {
    "schema": {
      "properties": {
        "dueDay": {
          "description": "开卡日",
          "type": "string",
        },
        "requestChannel": {
          "description": "进件渠道",
          "type": "string",
        },
      },
      "required": [
        "dueDay",
        "requestChannel",
      ],
      "type": "object",
    },
    "typeName": "OutputParameterVo",
  },
  "QueryParameters": {
    "schema": {
      "properties": {
        "data": {
          "additionalProperties": {
            "$ref": "DataTransOutput",
            "type": "array",
          },
          "type": "object",
        },
        "dueDay": {
          "description": "开卡日",
          "type": "string",
        },
        "requestChannel": {
          "description": "进件渠道",
          "type": "string",
        },
      },
      "required": [
        "dueDay",
        "requestChannel",
      ],
      "type": "object",
    },
    "typeName": "QueryParameters",
  },
  "ResultListMap": {
    "schema": {
      "properties": {
        "description": {
          "type": "string",
        },
        "result": {
          "items": {
            "$ref": "Map",
          },
          "type": "array",
        },
        "returnCode": {
          "format": "int32",
          "type": "integer",
        },
      },
      "type": "object",
    },
    "typeName": "ResultListMap",
  },
}
`;
